○ 日本
○ 韓国
○ 台湾
○ シンガポール
○ マレーシア
○ タイ
× インドネシア
× フィリピン
○ インド
○ スリランカ
○ バングラデシュ
○ トルコ
○ イスラエル
○ UAE
× ヨルダン
× ロシア
○ カザフスタン
○ モンゴル
○ 中国
○ 英国
○ アイルランド
○ フランス
× ドイツ
○ オランダ
○ ベルギー
○ スペイン
○ ポルトガル
× イタリア
○ スイス
× オーストリア
× チェコ
○ ポーランド
○ スウェーデン
○ ノルウェー
× フィンランド
○ デンマーク
× ギリシャ
○ ルーマニア
× ウクライナ
× 米国
○ カナダ
○ メキシコ
○ グアテマラ
○ コスタリカ
× パナマ
× コロンビア
○ ペルー
× ブラジル
○ アルゼンチン
× チリ
○ ウルグアイ
○ ボリビア
× エクアドル
○ 南アフリカ
○ ケニア
○ ナイジェリア
○ ガーナ
× セネガル
○ エジプト
○ チュニジア
○ ボツワナ
○ エスワティニ
○ ウガンダ
○ タンザニア
○ マダガスカル
○ 豪州
○ NZ
○ アイスランド
○ グリーンランド

写真あり 51 / なし 18
なし: インドネシア フィリピン ヨルダン ロシア ドイツ イタリア オーストリア チェコ フィンランド ギリシャ ウクライナ 米国 パナマ コロンビア ブラジル チリ エクアドル セネガル
